[app--didi-tattoo-studio-4d487825.base44.app/Home.html]
[qtrypzzcjebvfcihiynt.supabase.co/storage/v1/object/public/base44-prod/public/4f5c70ef4_Schermafbeelding2025-08-20165846.png]
[backblue.gif]
[fade.gif]
[index.html]
[app--didi-tattoo-studio-4d487825.base44.app/api/apps/manifests/68a5db855089efef4d487825/manifest.json]
[r.wdfl.co/rw.js]
[app--didi-tattoo-studio-4d487825.base44.app/static/js/vendors.63553041.js]
[app--didi-tattoo-studio-4d487825.base44.app/static/css/vendors.77bf307e.css]
[app--didi-tattoo-studio-4d487825.base44.app/static/js/main.56a26920.js]
[app--didi-tattoo-studio-4d487825.base44.app/Home.html]
[app--didi-tattoo-studio-4d487825.base44.app/static/css/vendors.77bf307e.css]
[app--didi-tattoo-studio-4d487825.base44.app/static/css/main.a18e100c.css]
[app--didi-tattoo-studio-4d487825.base44.app/static/media/WixMadeforTextApp-Regular_1048040404.b682f51962b316f3cd85.ttf]
[app--didi-tattoo-studio-4d487825.base44.app/static/media/WixMadeforTextApp-Italic_3654762839.aee29983d65a238f2a37.ttf]
[app--didi-tattoo-studio-4d487825.base44.app/static/media/WixMadeforText-Medium.b4ba8f598cc07ff557ce.woff2]
[app--didi-tattoo-studio-4d487825.base44.app/static/media/WixMadeforText-SemiBold.113c3e50164b8078006b.woff2]
[app--didi-tattoo-studio-4d487825.base44.app/static/media/WixMadeforTextApp-Bold_2128642432.8ba0193239652ef62203.ttf]
[app--didi-tattoo-studio-4d487825.base44.app/static/media/WixMadeforTextApp-BoldItalic_2607598812.bbf5e11dd9c3d70c53ff.ttf]
[app--didi-tattoo-studio-4d487825.base44.app/static/media/WixMadeforTextApp-ExtraBold_3671583625.3ce3867ed6d028d46279.ttf]
[app--didi-tattoo-studio-4d487825.base44.app/static/css/main.a18e100c.css]
[app--didi-tattoo-studio-4d487825.base44.app/static/media/WixMadeforTextApp-ExtraBoldItalic_1707253935.6a772a7d9a639b43fea3.ttf]
